2025-07-12 02:19:28,455 - INFO - 🚀 开始运行区域信息补充程序...
2025-07-12 02:19:28,455 - INFO - 📂 正在加载数据: /Users/songdingan/Downloads/detect_bus/final_station_ranking_with_district.csv
2025-07-12 02:19:28,474 - INFO - ✅ 数据加载成功!
2025-07-12 02:19:28,474 - INFO -    - 样本数量: 3931
2025-07-12 02:19:28,474 - INFO -    - 列名: ['rank', 'station_name', 'comprehensive_score', 'score_std', 'longitude', 'latitude', 'Safety and Comfort in Waiting Areas_score', 'Information Accessibility_score', 'Barrier-free Access_score', 'district', 'city', 'province', 'street', 'formatted_address', 'api_status']
2025-07-12 02:19:28,474 - INFO - 🔍 正在查找district字段缺失的记录...
2025-07-12 02:19:28,476 - INFO -    - 找到 92 条缺失district信息的记录
2025-07-12 02:19:28,476 - INFO -    - 完整记录数: 3839
2025-07-12 02:19:28,476 - INFO -    缺失记录示例:
2025-07-12 02:19:28,476 - INFO -      - 4019_121.323108_31.226949_2210.jpg (121.323108, 31.226949) district='nan'
2025-07-12 02:19:28,476 - INFO -      - 4391_121.251354_31.01561_2210.jpg (121.251354, 31.01561) district='nan'
2025-07-12 02:19:28,476 - INFO -      - 4452_121.2289_31.184857_2210.jpg (121.2289, 31.184857) district='nan'
2025-07-12 02:19:28,476 - INFO -      - 5295_121.395052_31.11148_1905.jpg (121.395052, 31.11148) district='nan'
2025-07-12 02:19:28,476 - INFO -      - 5499_121.1491_31.141963_2210.jpg (121.1491, 31.141963) district='nan'
2025-07-12 02:19:28,476 - INFO - 🚀 开始并发处理缺失的记录...
2025-07-12 02:19:28,476 - INFO - 📈 未找到进度文件，从头开始处理
2025-07-12 02:19:28,476 - INFO - 📊 待处理记录数: 92
2025-07-12 02:19:28,476 - INFO - 🔄 正在处理记录 308: 4019_121.323108_31.226949_2210.jpg (121.323108, 31.226949)
2025-07-12 02:19:28,476 - INFO - 🔄 正在处理记录 314: 4391_121.251354_31.01561_2210.jpg (121.251354, 31.01561)
2025-07-12 02:19:28,477 - INFO - 🔄 正在处理记录 316: 4452_121.2289_31.184857_2210.jpg (121.2289, 31.184857)
2025-07-12 02:19:28,477 - INFO - 🔄 正在处理记录 317: 5295_121.395052_31.11148_1905.jpg (121.395052, 31.11148)
2025-07-12 02:19:28,477 - INFO - 🔄 正在处理记录 319: 5499_121.1491_31.141963_2210.jpg (121.1491, 31.141963)
2025-07-12 02:19:28,478 - INFO - 🔄 正在处理记录 324: 5920_121.48852_31.162338_2210.jpg (121.48852, 31.162338)
2025-07-12 02:19:28,478 - INFO - 🔄 正在处理记录 326: 5998_121.312128_31.136418_2210.jpg (121.312128, 31.136418)
2025-07-12 02:19:28,478 - INFO - 🔄 正在处理记录 331: 6631_121.339899_30.720026_2002.jpg (121.339899, 30.720026)
2025-07-12 02:19:28,478 - INFO - 🔄 正在处理记录 334: 766_121.164342_31.303206_2210.jpg (121.164342, 31.303206)
2025-07-12 02:19:28,479 - INFO - 🔄 正在处理记录 338: 7889_121.254412_31.094277_2210.jpg (121.254412, 31.094277)
2025-07-12 02:19:28,479 - INFO - 🔄 正在处理记录 339: 7950_121.457901_31.023965_2002.jpg (121.457901, 31.023965)
2025-07-12 02:19:28,479 - INFO - 🔄 正在处理记录 341: 8233_121.323683_30.724754_1906.jpg (121.323683, 30.724754)
2025-07-12 02:19:28,480 - INFO - 🔄 正在处理记录 345: 9234_121.280167_31.186368_2002.jpg (121.280167, 31.186368)
2025-07-12 02:19:28,480 - INFO - 🔄 正在处理记录 346: 9300_121.507996_31.282319_2210.jpg (121.507996, 31.282319)
2025-07-12 02:19:28,480 - INFO - 🔄 正在处理记录 348: 9336_121.493264_31.28345_2211.jpg (121.493264, 31.28345)
2025-07-12 02:19:28,481 - INFO - 🔄 正在处理记录 349: 9453_121.428333_31.332007_2210.jpg (121.428333, 31.332007)
2025-07-12 02:19:28,481 - INFO - 🔄 正在处理记录 351: 10289_121.182352_31.125287_2210.jpg (121.182352, 31.125287)
2025-07-12 02:19:28,481 - INFO - 🔄 正在处理记录 353: 10889_121.224751_31.18239_2210.jpg (121.224751, 31.18239)
2025-07-12 02:19:28,481 - INFO - 🔄 正在处理记录 354: 11163_121.040555_31.104263_2011.jpg (121.040555, 31.104263)
2025-07-12 02:19:28,481 - INFO - 🔄 正在处理记录 356: 1327_121.479261_31.250918_2211.jpg (121.479261, 31.250918)
2025-07-12 02:19:28,482 - INFO - 🔄 正在处理记录 357: 1374_121.502078_31.179876_2210.jpg (121.502078, 31.179876)
2025-07-12 02:19:28,482 - INFO - 🔄 正在处理记录 360: 1446_121.410313_31.273084_2211.jpg (121.410313, 31.273084)
2025-07-12 02:19:28,482 - INFO - 🔄 正在处理记录 362: 1520_121.506352_31.292605_2210.jpg (121.506352, 31.292605)
2025-07-12 02:19:28,482 - INFO - 🔄 正在处理记录 363: 1589_121.435429_30.925213_2210.jpg (121.435429, 30.925213)
2025-07-12 02:19:28,483 - INFO - 🔄 正在处理记录 364: 1638_121.472559_31.230206_2211.jpg (121.472559, 31.230206)
2025-07-12 02:19:28,483 - INFO - 🔄 正在处理记录 367: 1874_121.193068_31.018367_2001.jpg (121.193068, 31.018367)
2025-07-12 02:19:28,484 - INFO - 🔄 正在处理记录 370: 3024_121.160048_31.282975_2210.jpg (121.160048, 31.282975)
2025-07-12 02:19:28,484 - INFO - 🔄 正在处理记录 371: 3099_121.506613_31.297314_2211.jpg (121.506613, 31.297314)
2025-07-12 02:19:28,485 - INFO - 🔄 正在处理记录 373: 3399_121.419481_31.192364_2002.jpg (121.419481, 31.192364)
2025-07-12 02:19:28,485 - INFO - 🔄 正在处理记录 374: 3609_121.519096_31.142169_2210.jpg (121.519096, 31.142169)
2025-07-12 02:19:28,486 - INFO - 🔄 正在处理记录 375: 3629_121.480382_31.282027_2210.jpg (121.480382, 31.282027)
2025-07-12 02:19:28,486 - INFO - 🔄 正在处理记录 380: 4050_121.309055_31.093937_2210.jpg (121.309055, 31.093937)
2025-07-12 02:19:28,486 - INFO - 🔄 正在处理记录 381: 4069_121.492756_31.398666_2003.jpg (121.492756, 31.398666)
2025-07-12 02:19:28,487 - INFO - 🔄 正在处理记录 382: 4310_121.416256_31.203568_2211.jpg (121.416256, 31.203568)
2025-07-12 02:19:28,487 - INFO - 🔄 正在处理记录 383: 4371_121.487207_30.917451_2210.jpg (121.487207, 30.917451)
2025-07-12 02:19:28,488 - INFO - 🔄 正在处理记录 384: 4433_121.300681_30.794246_2210.jpg (121.300681, 30.794246)
2025-07-12 02:19:28,488 - INFO - 🔄 正在处理记录 385: 492_121.377796_31.139592_2002.jpg (121.377796, 31.139592)
2025-07-12 02:19:28,488 - INFO - 🔄 正在处理记录 386: 5130_121.19536_31.092211_2210.jpg (121.19536, 31.092211)
2025-07-12 02:19:28,489 - INFO - 🔄 正在处理记录 387: 5244_121.197155_30.968362_2210.jpg (121.197155, 30.968362)
2025-07-12 02:19:28,489 - INFO - 🔄 正在处理记录 391: 5447_121.53045_31.287094_2210.jpg (121.53045, 31.287094)
2025-07-12 02:19:28,667 - INFO - ✅ API调用成功: 121.323108, 31.226949 -> 闵行区
2025-07-12 02:19:28,671 - INFO - 🔄 正在处理记录 392: 5878_121.354827_30.73719_1906.jpg (121.354827, 30.73719)
2025-07-12 02:19:28,671 - INFO - 📈 进度: 1/92 (1.1%) - 成功: 1
2025-07-12 02:19:28,681 - INFO - ✅ API调用成功: 121.2289, 31.184857 -> 青浦区
2025-07-12 02:19:28,685 - INFO - 🔄 正在处理记录 395: 6124_121.377498_31.158393_2210.jpg (121.377498, 31.158393)
2025-07-12 02:19:28,685 - INFO - 📈 进度: 2/92 (2.2%) - 成功: 2
2025-07-12 02:19:28,695 - INFO - ✅ API调用成功: 121.395052, 31.11148 -> 闵行区
2025-07-12 02:19:28,699 - INFO - 🔄 正在处理记录 396: 6207_121.48379_31.350721_2210.jpg (121.48379, 31.350721)
2025-07-12 02:19:28,699 - INFO - 📈 进度: 3/92 (3.3%) - 成功: 3
2025-07-12 02:19:28,705 - INFO - ✅ API调用成功: 121.251354, 31.01561 -> 松江区
2025-07-12 02:19:28,708 - INFO - 🔄 正在处理记录 397: 6221_121.204383_31.264707_2210.jpg (121.204383, 31.264707)
2025-07-12 02:19:28,708 - INFO - 📈 进度: 4/92 (4.3%) - 成功: 4
2025-07-12 02:19:28,720 - INFO - ✅ API调用成功: 121.312128, 31.136418 -> 松江区
2025-07-12 02:19:28,723 - INFO - 🔄 正在处理记录 398: 6349_121.353172_30.764328_2210.jpg (121.353172, 30.764328)
2025-07-12 02:19:28,724 - INFO - 📈 进度: 5/92 (5.4%) - 成功: 5
2025-07-12 02:19:28,757 - INFO - ✅ API调用成功: 121.339899, 30.720026 -> 金山区
2025-07-12 02:19:28,766 - INFO - ✅ API调用成功: 121.48852, 31.162338 -> 浦东新区
2025-07-12 02:19:28,798 - INFO - 🔄 正在处理记录 399: 6399_121.273075_31.117948_1310.jpg (121.273075, 31.117948)
2025-07-12 02:19:28,799 - INFO - 📈 进度: 6/92 (6.5%) - 成功: 6
2025-07-12 02:19:28,815 - INFO - ✅ API调用成功: 121.1491, 31.141963 -> 青浦区
2025-07-12 02:19:28,825 - INFO - 🔄 正在处理记录 400: 644_121.406321_31.198456_2002.jpg (121.406321, 31.198456)
2025-07-12 02:19:28,825 - INFO - 📈 进度: 7/92 (7.6%) - 成功: 7
2025-07-12 02:19:28,855 - INFO - 🔄 正在处理记录 402: 7038_121.100185_31.158635_1708.jpg (121.100185, 31.158635)
2025-07-12 02:19:28,856 - INFO - 📈 进度: 8/92 (8.7%) - 成功: 8
2025-07-12 02:19:28,858 - INFO - ✅ API调用成功: 121.164342, 31.303206 -> 嘉定区
2025-07-12 02:19:28,862 - INFO - 🔄 正在处理记录 403: 7742_121.373401_31.189779_2002.jpg (121.373401, 31.189779)
2025-07-12 02:19:28,862 - INFO - 📈 进度: 9/92 (9.8%) - 成功: 9
2025-07-12 02:19:28,892 - INFO - ✅ API调用成功: 121.254412, 31.094277 -> 松江区
2025-07-12 02:19:28,896 - INFO - 🔄 正在处理记录 404: 7818_121.360898_30.765956_1906.jpg (121.360898, 30.765956)
2025-07-12 02:19:28,896 - INFO - 📈 进度: 10/92 (10.9%) - 成功: 10
2025-07-12 02:19:28,929 - INFO - ✅ API调用成功: 121.323683, 30.724754 -> 金山区
2025-07-12 02:19:28,930 - INFO - ✅ API调用成功: 121.457901, 31.023965 -> 闵行区
2025-07-12 02:19:28,933 - INFO - 🔄 正在处理记录 406: 7969_121.407574_31.285444_2211.jpg (121.407574, 31.285444)
2025-07-12 02:19:28,934 - INFO - 📈 进度: 11/92 (12.0%) - 成功: 11
2025-07-12 02:19:28,938 - INFO - 🔄 正在处理记录 409: 8483_121.245546_31.355175_2002.jpg (121.245546, 31.355175)
2025-07-12 02:19:28,938 - INFO - 📈 进度: 12/92 (13.0%) - 成功: 12
2025-07-12 02:19:28,980 - INFO - ✅ API调用成功: 121.507996, 31.282319 -> 杨浦区
2025-07-12 02:19:28,983 - INFO - 🔄 正在处理记录 410: 8559_121.232338_30.98508_2210.jpg (121.232338, 30.98508)
2025-07-12 02:19:28,983 - INFO - 📈 进度: 13/92 (14.1%) - 成功: 13
2025-07-12 02:19:28,988 - INFO - ✅ API调用成功: 121.280167, 31.186368 -> 青浦区
2025-07-12 02:19:28,989 - INFO - ✅ API调用成功: 121.493264, 31.28345 -> 虹口区
2025-07-12 02:19:28,992 - INFO - 🔄 正在处理记录 412: 8804_121.632997_31.1724_2210.jpg (121.632997, 31.1724)
2025-07-12 02:19:28,993 - INFO - 📈 进度: 14/92 (15.2%) - 成功: 14
2025-07-12 02:19:28,996 - INFO - 🔄 正在处理记录 413: 893_121.41805_31.131338_2210.jpg (121.41805, 31.131338)
2025-07-12 02:19:28,996 - INFO - 📈 进度: 15/92 (16.3%) - 成功: 15
2025-07-12 02:19:29,017 - INFO - ✅ API调用成功: 121.428333, 31.332007 -> 宝山区
2025-07-12 02:19:29,021 - INFO - 🔄 正在处理记录 414: 9227_121.287492_31.170721_2001.jpg (121.287492, 31.170721)
2025-07-12 02:19:29,021 - INFO - 📈 进度: 16/92 (17.4%) - 成功: 16
2025-07-12 02:19:29,051 - INFO - ✅ API调用成功: 121.182352, 31.125287 -> 青浦区
2025-07-12 02:19:29,055 - INFO - 🔄 正在处理记录 416: 9353_121.443099_31.235364_2211.jpg (121.443099, 31.235364)
2025-07-12 02:19:29,055 - INFO - 📈 进度: 17/92 (18.5%) - 成功: 17
2025-07-12 02:19:29,074 - INFO - ✅ API调用成功: 121.224751, 31.18239 -> 青浦区
2025-07-12 02:19:29,077 - INFO - 🔄 正在处理记录 417: 10323_121.341234_31.058577_2210.jpg (121.341234, 31.058577)
2025-07-12 02:19:29,077 - INFO - 📈 进度: 18/92 (19.6%) - 成功: 18
2025-07-12 02:19:29,096 - INFO - ✅ API调用成功: 121.040555, 31.104263 -> 青浦区
2025-07-12 02:19:29,100 - INFO - 🔄 正在处理记录 418: 11452_121.411875_31.130316_2210.jpg (121.411875, 31.130316)
2025-07-12 02:19:29,100 - INFO - 📈 进度: 19/92 (20.7%) - 成功: 19
2025-07-12 02:19:29,125 - INFO - ✅ API调用成功: 121.479261, 31.250918 -> 静安区
2025-07-12 02:19:29,129 - INFO - 🔄 正在处理记录 420: 12004_121.187498_31.018332_2210.jpg (121.187498, 31.018332)
2025-07-12 02:19:29,129 - INFO - 📈 进度: 20/92 (21.7%) - 成功: 20
2025-07-12 02:19:29,164 - INFO - ✅ API调用成功: 121.410313, 31.273084 -> 普陀区
2025-07-12 02:19:29,165 - INFO - ✅ API调用成功: 121.502078, 31.179876 -> 浦东新区
2025-07-12 02:19:29,169 - INFO - 🔄 正在处理记录 421: 1276_121.350122_31.224107_2210.jpg (121.350122, 31.224107)
2025-07-12 02:19:29,169 - INFO - 📈 进度: 21/92 (22.8%) - 成功: 21
2025-07-12 02:19:29,172 - INFO - 🔄 正在处理记录 422: 12884_121.371794_31.259928_2102.jpg (121.371794, 31.259928)
2025-07-12 02:19:29,172 - INFO - 📈 进度: 22/92 (23.9%) - 成功: 22
2025-07-12 02:19:29,230 - INFO - ✅ API调用成功: 121.506352, 31.292605 -> 杨浦区
2025-07-12 02:19:29,234 - INFO - 🔄 正在处理记录 424: 13145_121.358836_30.831071_2210.jpg (121.358836, 30.831071)
2025-07-12 02:19:29,234 - INFO - 📈 进度: 23/92 (25.0%) - 成功: 23
2025-07-12 02:19:29,272 - INFO - ✅ API调用成功: 121.472559, 31.230206 -> 静安区
2025-07-12 02:19:29,275 - INFO - 🔄 正在处理记录 425: 1368_121.455409_30.903977_2210.jpg (121.455409, 30.903977)
2025-07-12 02:19:29,275 - INFO - 📈 进度: 24/92 (26.1%) - 成功: 24
2025-07-12 02:19:29,322 - INFO - ✅ API调用成功: 121.160048, 31.282975 -> 昆山市
2025-07-12 02:19:29,326 - INFO - 🔄 正在处理记录 426: 13865_121.467432_31.267302_1905.jpg (121.467432, 31.267302)
2025-07-12 02:19:29,326 - INFO - 📈 进度: 25/92 (27.2%) - 成功: 25
2025-07-12 02:19:29,328 - INFO - ✅ API调用成功: 121.193068, 31.018367 -> 松江区
2025-07-12 02:19:29,337 - INFO - ✅ API调用成功: 121.435429, 30.925213 -> 奉贤区
2025-07-12 02:19:29,337 - INFO - 🔄 正在处理记录 429: 151_121.166798_31.149652_2210.jpg (121.166798, 31.149652)
2025-07-12 02:19:29,338 - INFO - 📈 进度: 26/92 (28.3%) - 成功: 26
2025-07-12 02:19:29,343 - INFO - 🔄 正在处理记录 431: 1535_121.48852_31.162338_2210.jpg (121.48852, 31.162338)
2025-07-12 02:19:29,343 - INFO - 📈 进度: 27/92 (29.3%) - 成功: 27
2025-07-12 02:19:29,381 - INFO - ✅ API调用成功: 121.506613, 31.297314 -> 虹口区
2025-07-12 02:19:29,386 - INFO - 🔄 正在处理记录 432: 167_121.044271_31.106958_2011.jpg (121.044271, 31.106958)
2025-07-12 02:19:29,386 - INFO - 📈 进度: 28/92 (30.4%) - 成功: 28
2025-07-12 02:19:29,392 - INFO - ✅ API调用成功: 121.419481, 31.192364 -> 闵行区
2025-07-12 02:19:29,396 - INFO - 🔄 正在处理记录 433: 1748_121.281596_31.469507_1311.jpg (121.281596, 31.469507)
2025-07-12 02:19:29,396 - INFO - 📈 进度: 29/92 (31.5%) - 成功: 29
2025-07-12 02:19:29,403 - INFO - ✅ API调用成功: 121.519096, 31.142169 -> 浦东新区
2025-07-12 02:19:29,406 - INFO - 🔄 正在处理记录 434: 1786_121.530297_31.043632_2210.jpg (121.530297, 31.043632)
2025-07-12 02:19:29,406 - INFO - 📈 进度: 30/92 (32.6%) - 成功: 30
2025-07-12 02:19:29,443 - INFO - ✅ API调用成功: 121.480382, 31.282027 -> 虹口区
2025-07-12 02:19:29,445 - INFO - 🔄 正在处理记录 436: 1914_121.356503_31.239685_2102.jpg (121.356503, 31.239685)
2025-07-12 02:19:29,445 - INFO - 📈 进度: 31/92 (33.7%) - 成功: 31
2025-07-12 02:19:29,488 - INFO - ✅ API调用成功: 121.309055, 31.093937 -> 松江区
2025-07-12 02:19:29,492 - INFO - 🔄 正在处理记录 437: 247_121.206972_31.282231_2210.jpg (121.206972, 31.282231)
2025-07-12 02:19:29,492 - INFO - 📈 进度: 32/92 (34.8%) - 成功: 32
2025-07-12 02:19:29,516 - INFO - ✅ API调用成功: 121.492756, 31.398666 -> 宝山区
2025-07-12 02:19:29,520 - INFO - 🔄 正在处理记录 438: 2576_121.534208_31.318529_2211.jpg (121.534208, 31.318529)
2025-07-12 02:19:29,520 - INFO - 📈 进度: 33/92 (35.9%) - 成功: 33
2025-07-12 02:19:29,545 - INFO - ✅ API调用成功: 121.416256, 31.203568 -> 长宁区
2025-07-12 02:19:29,548 - INFO - 🔄 正在处理记录 439: 25_121.243483_31.037147_2210.jpg (121.243483, 31.037147)
2025-07-12 02:19:29,548 - INFO - 📈 进度: 34/92 (37.0%) - 成功: 34
2025-07-12 02:19:29,557 - INFO - ✅ API调用成功: 121.487207, 30.917451 -> 奉贤区
2025-07-12 02:19:29,561 - INFO - 🔄 正在处理记录 440: 2706_121.239954_31.015348_2210.jpg (121.239954, 31.015348)
2025-07-12 02:19:29,561 - INFO - 📈 进度: 35/92 (38.0%) - 成功: 35
2025-07-12 02:19:29,567 - INFO - ✅ API调用成功: 121.300681, 30.794246 -> 金山区
2025-07-12 02:19:29,570 - INFO - 🔄 正在处理记录 441: 2783_121.33632_31.086151_1905.jpg (121.33632, 31.086151)
2025-07-12 02:19:29,570 - INFO - 📈 进度: 36/92 (39.1%) - 成功: 36
2025-07-12 02:19:29,610 - INFO - ✅ API调用成功: 121.377796, 31.139592 -> 闵行区
2025-07-12 02:19:29,611 - INFO - ✅ API调用成功: 121.19536, 31.092211 -> 松江区
2025-07-12 02:19:29,621 - INFO - 🔄 正在处理记录 442: 2811_121.562321_31.317183_2210.jpg (121.562321, 31.317183)
2025-07-12 02:19:29,622 - INFO - 📈 进度: 37/92 (40.2%) - 成功: 37
2025-07-12 02:19:29,634 - INFO - 🔄 正在处理记录 443: 2891_121.444852_31.186394_2211.jpg (121.444852, 31.186394)
2025-07-12 02:19:29,634 - INFO - 📈 进度: 38/92 (41.3%) - 成功: 38
2025-07-12 02:19:29,673 - INFO - ✅ API调用成功: 121.197155, 30.968362 -> 松江区
2025-07-12 02:19:29,678 - INFO - 🔄 正在处理记录 444: 2902_121.453611_31.235918_2211.jpg (121.453611, 31.235918)
2025-07-12 02:19:29,678 - INFO - 📈 进度: 39/92 (42.4%) - 成功: 39
2025-07-12 02:19:29,697 - INFO - ✅ API调用成功: 121.53045, 31.287094 -> 杨浦区
2025-07-12 02:19:29,703 - INFO - 🔄 正在处理记录 445: 2906_121.399552_31.628384_2002.jpg (121.399552, 31.628384)
2025-07-12 02:19:29,703 - INFO - 📈 进度: 40/92 (43.5%) - 成功: 40
2025-07-12 02:19:29,714 - INFO - ✅ API调用成功: 121.354827, 30.73719 -> 金山区
2025-07-12 02:19:29,721 - INFO - 🔄 正在处理记录 446: 2926_121.428618_31.176563_2211.jpg (121.428618, 31.176563)
2025-07-12 02:19:29,721 - INFO - 📈 进度: 41/92 (44.6%) - 成功: 41
2025-07-12 02:19:29,775 - INFO - ✅ API调用成功: 121.377498, 31.158393 -> 闵行区
2025-07-12 02:19:29,779 - INFO - 🔄 正在处理记录 447: 2993_121.182235_31.0257_2001.jpg (121.182235, 31.0257)
2025-07-12 02:19:29,779 - INFO - 📈 进度: 42/92 (45.7%) - 成功: 42
2025-07-12 02:19:29,786 - INFO - ✅ API调用成功: 121.48379, 31.350721 -> 宝山区
2025-07-12 02:19:29,789 - INFO - 🔄 正在处理记录 448: 3027_121.152176_31.295407_1601.jpg (121.152176, 31.295407)
2025-07-12 02:19:29,789 - INFO - 📈 进度: 43/92 (46.7%) - 成功: 43
2025-07-12 02:19:29,816 - INFO - ✅ API调用成功: 121.353172, 30.764328 -> 金山区
2025-07-12 02:19:29,820 - INFO - 🔄 正在处理记录 449: 3044_121.693964_31.024867_2210.jpg (121.693964, 31.024867)
2025-07-12 02:19:29,820 - INFO - 📈 进度: 44/92 (47.8%) - 成功: 44
2025-07-12 02:19:29,824 - INFO - ✅ API调用成功: 121.204383, 31.264707 -> 嘉定区
2025-07-12 02:19:29,827 - INFO - 🔄 正在处理记录 450: 3092_121.1991_31.012339_2001.jpg (121.1991, 31.012339)
2025-07-12 02:19:29,827 - INFO - 📈 进度: 45/92 (48.9%) - 成功: 45
2025-07-12 02:19:29,864 - INFO - ✅ API调用成功: 121.273075, 31.117948 -> 松江区
2025-07-12 02:19:29,868 - INFO - 🔄 正在处理记录 451: 3111_121.51833_31.321398_2210.jpg (121.51833, 31.321398)
2025-07-12 02:19:29,868 - INFO - 📈 进度: 46/92 (50.0%) - 成功: 46
2025-07-12 02:19:29,897 - INFO - ✅ API调用成功: 121.406321, 31.198456 -> 长宁区
2025-07-12 02:19:29,901 - INFO - 🔄 正在处理记录 452: 3130_121.098113_31.162929_2002.jpg (121.098113, 31.162929)
2025-07-12 02:19:29,901 - INFO - 📈 进度: 47/92 (51.1%) - 成功: 47
2025-07-12 02:19:29,944 - INFO - ✅ API调用成功: 121.100185, 31.158635 -> 青浦区
2025-07-12 02:19:29,947 - INFO - 🔄 正在处理记录 453: 3191_121.241545_31.386672_2012.jpg (121.241545, 31.386672)
2025-07-12 02:19:29,947 - INFO - 📈 进度: 48/92 (52.2%) - 成功: 48
2025-07-12 02:19:29,956 - INFO - ✅ API调用成功: 121.373401, 31.189779 -> 闵行区
2025-07-12 02:19:29,960 - INFO - 🔄 正在处理记录 454: 3324_121.277113_31.418253_1401.jpg (121.277113, 31.418253)
2025-07-12 02:19:29,960 - INFO - 📈 进度: 49/92 (53.3%) - 成功: 49
2025-07-12 02:19:29,981 - INFO - ✅ API调用成功: 121.360898, 30.765956 -> 金山区
2025-07-12 02:19:29,984 - INFO - 🔄 正在处理记录 455: 3355_121.292286_31.189097_2011.jpg (121.292286, 31.189097)
2025-07-12 02:19:29,984 - INFO - 📈 进度: 50/92 (54.3%) - 成功: 50
2025-07-12 02:19:30,013 - INFO - ✅ API调用成功: 121.407574, 31.285444 -> 宝山区
2025-07-12 02:19:30,016 - INFO - 🔄 正在处理记录 456: 3388_121.309457_31.167676_2001.jpg (121.309457, 31.167676)
2025-07-12 02:19:30,017 - INFO - 📈 进度: 51/92 (55.4%) - 成功: 51
2025-07-12 02:19:30,045 - INFO - ✅ API调用成功: 121.245546, 31.355175 -> 嘉定区
2025-07-12 02:19:30,049 - INFO - 🔄 正在处理记录 457: 3445_121.286084_30.79709_2210.jpg (121.286084, 30.79709)
2025-07-12 02:19:30,049 - INFO - 📈 进度: 52/92 (56.5%) - 成功: 52
2025-07-12 02:19:30,064 - INFO - ✅ API调用成功: 121.232338, 30.98508 -> 松江区
2025-07-12 02:19:30,069 - INFO - 📈 进度: 53/92 (57.6%) - 成功: 53
2025-07-12 02:19:30,109 - INFO - ✅ API调用成功: 121.632997, 31.1724 -> 浦东新区
2025-07-12 02:19:30,113 - INFO - 📈 进度: 54/92 (58.7%) - 成功: 54
2025-07-12 02:19:30,139 - INFO - ✅ API调用成功: 121.41805, 31.131338 -> 闵行区
2025-07-12 02:19:30,143 - INFO - 📈 进度: 55/92 (59.8%) - 成功: 55
2025-07-12 02:19:30,161 - INFO - ✅ API调用成功: 121.287492, 31.170721 -> 青浦区
2025-07-12 02:19:30,165 - INFO - 📈 进度: 56/92 (60.9%) - 成功: 56
2025-07-12 02:19:30,216 - INFO - ✅ API调用成功: 121.443099, 31.235364 -> 静安区
2025-07-12 02:19:30,219 - INFO - 📈 进度: 57/92 (62.0%) - 成功: 57
2025-07-12 02:19:30,226 - INFO - ✅ API调用成功: 121.341234, 31.058577 -> 松江区
2025-07-12 02:19:30,230 - INFO - 📈 进度: 58/92 (63.0%) - 成功: 58
2025-07-12 02:19:30,313 - INFO - ✅ API调用成功: 121.411875, 31.130316 -> 闵行区
2025-07-12 02:19:30,318 - INFO - 📈 进度: 59/92 (64.1%) - 成功: 59
2025-07-12 02:19:30,392 - INFO - ✅ API调用成功: 121.187498, 31.018332 -> 松江区
2025-07-12 02:19:30,397 - INFO - 📈 进度: 60/92 (65.2%) - 成功: 60
2025-07-12 02:19:30,411 - INFO - ✅ API调用成功: 121.350122, 31.224107 -> 长宁区
2025-07-12 02:19:30,415 - INFO - 📈 进度: 61/92 (66.3%) - 成功: 61
2025-07-12 02:19:30,423 - INFO - ✅ API调用成功: 121.371794, 31.259928 -> 嘉定区
2025-07-12 02:19:30,426 - INFO - 📈 进度: 62/92 (67.4%) - 成功: 62
2025-07-12 02:19:30,432 - INFO - ✅ API调用成功: 121.358836, 30.831071 -> 金山区
2025-07-12 02:19:30,436 - INFO - 📈 进度: 63/92 (68.5%) - 成功: 63
2025-07-12 02:19:30,447 - INFO - ✅ API调用成功: 121.455409, 30.903977 -> 奉贤区
2025-07-12 02:19:30,451 - INFO - 📈 进度: 64/92 (69.6%) - 成功: 64
2025-07-12 02:19:30,458 - INFO - ✅ API调用成功: 121.166798, 31.149652 -> 青浦区
2025-07-12 02:19:30,461 - INFO - 📈 进度: 65/92 (70.7%) - 成功: 65
2025-07-12 02:19:30,468 - INFO - ✅ API调用成功: 121.467432, 31.267302 -> 静安区
2025-07-12 02:19:30,471 - INFO - 📈 进度: 66/92 (71.7%) - 成功: 66
2025-07-12 02:19:30,493 - INFO - ✅ API调用成功: 121.48852, 31.162338 -> 浦东新区
2025-07-12 02:19:30,497 - INFO - 📈 进度: 67/92 (72.8%) - 成功: 67
2025-07-12 02:19:30,513 - INFO - ✅ API调用成功: 121.044271, 31.106958 -> 青浦区
2025-07-12 02:19:30,517 - INFO - 📈 进度: 68/92 (73.9%) - 成功: 68
2025-07-12 02:19:30,531 - INFO - ✅ API调用成功: 121.281596, 31.469507 -> 嘉定区
2025-07-12 02:19:30,535 - INFO - 📈 进度: 69/92 (75.0%) - 成功: 69
2025-07-12 02:19:30,549 - INFO - ✅ API调用成功: 121.530297, 31.043632 -> 闵行区
2025-07-12 02:19:30,554 - INFO - 📈 进度: 70/92 (76.1%) - 成功: 70
2025-07-12 02:19:30,636 - INFO - ✅ API调用成功: 121.356503, 31.239685 -> 长宁区
2025-07-12 02:19:30,642 - INFO - ✅ API调用成功: 121.206972, 31.282231 -> 嘉定区
2025-07-12 02:19:30,643 - INFO - 📈 进度: 71/92 (77.2%) - 成功: 71
2025-07-12 02:19:30,647 - INFO - 📈 进度: 72/92 (78.3%) - 成功: 72
2025-07-12 02:19:30,652 - INFO - ✅ API调用成功: 121.534208, 31.318529 -> 杨浦区
2025-07-12 02:19:30,655 - INFO - 📈 进度: 73/92 (79.3%) - 成功: 73
2025-07-12 02:19:30,656 - INFO - ✅ API调用成功: 121.243483, 31.037147 -> 松江区
2025-07-12 02:19:30,660 - INFO - 📈 进度: 74/92 (80.4%) - 成功: 74
2025-07-12 02:19:30,719 - INFO - ✅ API调用成功: 121.239954, 31.015348 -> 松江区
2025-07-12 02:19:30,724 - INFO - 📈 进度: 75/92 (81.5%) - 成功: 75
2025-07-12 02:19:30,734 - INFO - ✅ API调用成功: 121.33632, 31.086151 -> 松江区
2025-07-12 02:19:30,738 - INFO - 📈 进度: 76/92 (82.6%) - 成功: 76
2025-07-12 02:19:30,755 - INFO - ✅ API调用成功: 121.444852, 31.186394 -> 徐汇区
2025-07-12 02:19:30,756 - INFO - ✅ API调用成功: 121.562321, 31.317183 -> 杨浦区
2025-07-12 02:19:30,760 - INFO - 📈 进度: 77/92 (83.7%) - 成功: 77
2025-07-12 02:19:30,763 - INFO - 📈 进度: 78/92 (84.8%) - 成功: 78
2025-07-12 02:19:30,825 - INFO - ✅ API调用成功: 121.453611, 31.235918 -> 静安区
2025-07-12 02:19:30,829 - INFO - 📈 进度: 79/92 (85.9%) - 成功: 79
2025-07-12 02:19:30,832 - INFO - ✅ API调用成功: 121.399552, 31.628384 -> 崇明区
2025-07-12 02:19:30,835 - INFO - 📈 进度: 80/92 (87.0%) - 成功: 80
2025-07-12 02:19:30,871 - INFO - ✅ API调用成功: 121.428618, 31.176563 -> 徐汇区
2025-07-12 02:19:30,876 - INFO - 📈 进度: 81/92 (88.0%) - 成功: 81
2025-07-12 02:19:30,925 - INFO - ✅ API调用成功: 121.182235, 31.0257 -> 松江区
2025-07-12 02:19:30,930 - INFO - ✅ API调用成功: 121.152176, 31.295407 -> 昆山市
2025-07-12 02:19:30,933 - INFO - 📈 进度: 82/92 (89.1%) - 成功: 82
2025-07-12 02:19:30,937 - INFO - 📈 进度: 83/92 (90.2%) - 成功: 83
2025-07-12 02:19:30,966 - INFO - ✅ API调用成功: 121.693964, 31.024867 -> 浦东新区
2025-07-12 02:19:30,970 - INFO - 📈 进度: 84/92 (91.3%) - 成功: 84
2025-07-12 02:19:31,035 - INFO - ✅ API调用成功: 121.1991, 31.012339 -> 松江区
2025-07-12 02:19:31,040 - INFO - 📈 进度: 85/92 (92.4%) - 成功: 85
2025-07-12 02:19:31,043 - INFO - ✅ API调用成功: 121.51833, 31.321398 -> 杨浦区
2025-07-12 02:19:31,049 - INFO - ✅ API调用成功: 121.098113, 31.162929 -> 青浦区
2025-07-12 02:19:31,049 - INFO - 📈 进度: 86/92 (93.5%) - 成功: 86
2025-07-12 02:19:31,053 - INFO - 📈 进度: 87/92 (94.6%) - 成功: 87
2025-07-12 02:19:31,084 - INFO - ✅ API调用成功: 121.241545, 31.386672 -> 嘉定区
2025-07-12 02:19:31,088 - INFO - 📈 进度: 88/92 (95.7%) - 成功: 88
2025-07-12 02:19:31,094 - INFO - ✅ API调用成功: 121.277113, 31.418253 -> 嘉定区
2025-07-12 02:19:31,097 - INFO - 📈 进度: 89/92 (96.7%) - 成功: 89
2025-07-12 02:19:31,133 - INFO - ✅ API调用成功: 121.292286, 31.189097 -> 青浦区
2025-07-12 02:19:31,137 - INFO - 📈 进度: 90/92 (97.8%) - 成功: 90
2025-07-12 02:19:31,185 - INFO - ✅ API调用成功: 121.309457, 31.167676 -> 青浦区
2025-07-12 02:19:31,190 - INFO - ✅ API调用成功: 121.286084, 30.79709 -> 金山区
2025-07-12 02:19:31,191 - INFO - 📈 进度: 91/92 (98.9%) - 成功: 91
2025-07-12 02:19:31,195 - INFO - 📈 进度: 92/92 (100.0%) - 成功: 92
2025-07-12 02:19:31,196 - INFO - 🎉 并发处理完成！成功处理: 92/92
2025-07-12 02:19:31,196 - INFO - 📝 正在更新原始数据...
2025-07-12 02:19:31,248 - INFO - ✅ 数据更新完成!
2025-07-12 02:19:31,248 - INFO -    - 更新记录数: 92
2025-07-12 02:19:31,248 - INFO -    - 输出文件: /Users/songdingan/Downloads/detect_bus/final_station_ranking_complete.csv
2025-07-12 02:19:31,249 - INFO -    - 数据完整性: 3931/3931 (100.0%)
2025-07-12 02:19:31,249 - INFO - 🎉 程序运行完成！
